npm WARN lifecycle The node binary used for scripts is /snap/bin/node but npm is using /snap/node/4146/bin/node itself. Use the `--scripts-prepend-node-path` option to include the path for the node binary npm was executed with.

> boutiques_tech_221@1.0.0 start /home/zeynab/Documents/Ecole221Cours/projets/DIOUF$/boutiques_TECH_221
> node src/server.js

/home/zeynab/Documents/Ecole221Cours/projets/DIOUF$/boutiques_TECH_221/src/server.js:1
import app from "./app.js";
       ^^^

SyntaxError: Unexpected identifier
    at Module._compile (internal/modules/cjs/loader.js:723:23)
    at Object.Module._extensions..js (internal/modules/cjs/loader.js:789:10)
    at Module.load (internal/modules/cjs/loader.js:653:32)
    at tryModuleLoad (internal/modules/cjs/loader.js:593:12)
    at Function.Module._load (internal/modules/cjs/loader.js:585:3)
    at Function.Module.runMain (internal/modules/cjs/loader.js:831:12)
    at startup (internal/bootstrap/node.js:283:19)
    at bootstrapNodeJSCore (internal/bootstrap/node.js:623:3)
npm ERR! code ELIFECYCLE
npm ERR! errno 1
npm ERR! boutiques_tech_221@1.0.0 start: `node src/server.js`
npm ERR! Exit status 1
npm ERR! 
npm ERR! Failed at the boutiques_tech_221@1.0.0 start script.
npm ERR! This is probably not a problem with npm. There is likely additional logging output above.

npm ERR! A complete log of this run can be found in:
npm ERR!     /home/zeynab/.npm/_logs/2026-03-01T10_51_29_815Z-debug.log
